[    0.000000] Initializing cgroup subsys cpuset
[    0.000000] Initializing cgroup subsys cpu
[    0.000000] Initializing cgroup subsys cpuacct
[    0.000000] Linux version 3.13.0-61-generic (buildd@lgw01-50) (gcc version 4.8.2 (Ubuntu 4.8.2-19ubuntu1) ) #100-Ubuntu SMP Wed Jul 29 11:21:34 UTC 2015 (Ubuntu 3.13.0-61.100-generic 3.13.11-ckt22)
[    0.000000] Command line: BOOT_IMAGE=/boot/vmlinuz-3.13.0-61-generic root=UUID=dc507854-a040-46d8-8681-7c4c0fb6640f ro quiet splash vt.handoff=7
[    0.000000] KERNEL supported cpus:
[    0.000000]   Intel GenuineIntel
[    0.000000]   AMD AuthenticAMD
[    0.000000]   Centaur CentaurHauls
[    0.000000] e820: BIOS-provided physical RAM map:
[    0.000000] BIOS-e820: [mem 0x0000000000000000-0x000000000009d7ff] usable
[    0.000000] BIOS-e820: [mem 0x000000000009d800-0x000000000009ffff] reserved
[    0.000000] BIOS-e820: [mem 0x00000000000e0000-0x00000000000fffff] reserved
[    0.000000] BIOS-e820: [mem 0x0000000000100000-0x00000000be41afff] usable
[    0.000000] BIOS-e820: [mem 0x00000000be41b000-0x00000000be41bfff] reserved
[    0.000000] BIOS-e820: [mem 0x00000000be41c000-0x00000000be467fff] ACPI NVS
[    0.000000] BIOS-e820: [mem 0x00000000be468000-0x00000000be582fff] reserved
[    0.000000] BIOS-e820: [mem 0x00000000be583000-0x00000000be58afff] ACPI data
[    0.000000] BIOS-e820: [mem 0x00000000be58b000-0x00000000bf5d6fff] reserved
[    0.000000] BIOS-e820: [mem 0x00000000bf5d7000-0x00000000bf5d7fff] usable
[    0.000000] BIOS-e820: [mem 0x00000000bf5d8000-0x00000000bf5e8fff] reserved
[    0.000000] BIOS-e820: [mem 0x00000000bf5e9000-0x00000000bf603fff] ACPI NVS
[    0.000000] BIOS-e820: [mem 0x00000000bf604000-0x00000000bf62bfff] reserved
[    0.000000] BIOS-e820: [mem 0x00000000bf62c000-0x00000000bf66efff] ACPI NVS
[    0.000000] BIOS-e820: [mem 0x00000000bf66f000-0x00000000bf7fffff] usable
[    0.000000] BIOS-e820: [mem 0x00000000fed1c000-0x00000000fed3ffff] reserved
[    0.000000] BIOS-e820: [mem 0x00000000ff000000-0x00000000ffffffff] reserved
[    0.000000] BIOS-e820: [mem 0x0000000100000000-0x000000023dffffff] usable
[    0.000000] NX (Execute Disable) protection: active
[    0.000000] SMBIOS 2.7 present.
[    0.000000] DMI: FUJITSU CELSIUS W510/D3067-A1, BIOS V4.6.4.0 R1.4.0 for D3067-A1x 03/03/2011
[    0.000000] e820: update [mem 0x00000000-0x00000fff] usable ==> reserved
[    0.000000] e820: remove [mem 0x000a0000-0x000fffff] usable
[    0.000000] No AGP bridge found
[    0.000000] e820: last_pfn = 0x23e000 max_arch_pfn = 0x400000000
[    0.000000] MTRR default type: uncachable
[    0.000000] MTRR fixed ranges enabled:
[    0.000000]   00000-9FFFF write-back
[    0.000000]   A0000-BFFFF uncachable
[    0.000000]   C0000-CFFFF write-protect
[    0.000000]   D0000-E7FFF uncachable
[    0.000000]   E8000-FFFFF write-protect
[    0.000000] MTRR variable ranges enabled:
[    0.000000]   0 base 000000000 mask E00000000 write-back
[    0.000000]   1 base 200000000 mask FC0000000 write-back
[    0.000000]   2 base 0C0000000 mask FC0000000 uncachable
[    0.000000]   3 base 23E000000 mask FFE000000 uncachable
[    0.000000]   4 disabled
[    0.000000]   5 disabled
[    0.000000]   6 disabled
[    0.000000]   7 disabled
[    0.000000]   8 disabled
[    0.000000]   9 disabled
[    0.000000] x86 PAT enabled: cpu 0, old 0x7040600070406, new 0x7010600070106
[    0.000000] original variable MTRRs
[    0.000000] reg 0, base: 0GB, range: 8GB, type WB
[    0.000000] reg 1, base: 8GB, range: 1GB, type WB
[    0.000000] reg 2, base: 3GB, range: 1GB, type UC
[    0.000000] reg 3, base: 9184MB, range: 32MB, type UC
[    0.000000] total RAM covered: 8160M
[    0.000000] Found optimal setting for mtrr clean up
[    0.000000]  gran_size: 64K 	chunk_size: 64M 	num_reg: 5  	lose cover RAM: 0G
[    0.000000] New variable MTRRs
[    0.000000] reg 0, base: 0GB, range: 2GB, type WB
[    0.000000] reg 1, base: 2GB, range: 1GB, type WB
[    0.000000] reg 2, base: 4GB, range: 4GB, type WB
[    0.000000] reg 3, base: 8GB, range: 1GB, type WB
[    0.000000] reg 4, base: 9184MB, range: 32MB, type UC
[    0.000000] e820: update [mem 0xc0000000-0xffffffff] usable ==> reserved
[    0.000000] x2apic enabled by BIOS, switching to x2apic ops
[    0.000000] e820: last_pfn = 0xbf800 max_arch_pfn = 0x400000000
[    0.000000] found SMP MP-table at [mem 0x000fdb70-0x000fdb7f] mapped at [ffff8800000fdb70]
[    0.000000] Scanning 1 areas for low memory corruption
[    0.000000] Base memory trampoline at [ffff880000097000] 97000 size 24576
[    0.000000] init_memory_mapping: [mem 0x00000000-0x000fffff]
[    0.000000]  [mem 0x00000000-0x000fffff] page 4k
[    0.000000] BRK [0x01fe2000, 0x01fe2fff] PGTABLE
[    0.000000] BRK [0x01fe3000, 0x01fe3fff] PGTABLE
[    0.000000] BRK [0x01fe4000, 0x01fe4fff] PGTABLE
[    0.000000] init_memory_mapping: [mem 0x23de00000-0x23dffffff]
[    0.000000]  [mem 0x23de00000-0x23dffffff] page 2M
[    0.000000] BRK [0x01fe5000, 0x01fe5fff] PGTABLE
[    0.000000] init_memory_mapping: [mem 0x23c000000-0x23ddfffff]
[    0.000000]  [mem 0x23c000000-0x23ddfffff] page 2M
[    0.000000] init_memory_mapping: [mem 0x200000000-0x23bffffff]
[    0.000000]  [mem 0x200000000-0x23bffffff] page 2M
[    0.000000] init_memory_mapping: [mem 0x00100000-0xbe41afff]
[    0.000000]  [mem 0x00100000-0x001fffff] page 4k
[    0.000000]  [mem 0x00200000-0xbe3fffff] page 2M
[    0.000000]  [mem 0xbe400000-0xbe41afff] page 4k
[    0.000000] init_memory_mapping: [mem 0xbf5d7000-0xbf5d7fff]
[    0.000000]  [mem 0xbf5d7000-0xbf5d7fff] page 4k
[    0.000000] BRK [0x01fe6000, 0x01fe6fff] PGTABLE
[    0.000000] init_memory_mapping: [mem 0xbf66f000-0xbf7fffff]
[    0.000000]  [mem 0xbf66f000-0xbf7fffff] page 4k
[    0.000000] BRK [0x01fe7000, 0x01fe7fff] PGTABLE
[    0.000000] init_memory_mapping: [mem 0x100000000-0x1ffffffff]
[    0.000000]  [mem 0x100000000-0x1ffffffff] page 2M
[    0.000000] RAMDISK: [mem 0x35b48000-0x36d9bfff]
[    0.000000] ACPI: RSDP 00000000000f0450 000024 (v02 FTS   )
[    0.000000] ACPI: XSDT 00000000be583078 00006C (v01 FSC    PC       01072009 AMI  00010013)
[    0.000000] ACPI: FACP 00000000be58a6c8 0000F4 (v04 FTS    D3067-A1 01072009 AMI  00010013)
[    0.000000] ACPI: DSDT 00000000be583170 007555 (v02 FTS    D3067-A1 00000016 INTL 20091112)
[    0.000000] ACPI: FACS 00000000bf5eaf80 000040
[    0.000000] ACPI: APIC 00000000be58a7c0 0000D8 (v03 FTS    D3067-A1 01072009 AMI  00010013)
[    0.000000] ACPI: TCPA 00000000be58a898 000032 (v02 APTIO4  NAPAASF 00000001 MSFT 01000013)
[    0.000000] ACPI: SSDT 00000000be58a8d0 0001DE (v01 AMICPU     PROC 00000001 MSFT 03000001)
[    0.000000] ACPI: MCFG 00000000be58aab0 00003C (v01 FTS    D3067-A1 01072009 MSFT 00000097)
[    0.000000] ACPI: HPET 00000000be58aaf0 000038 (v01 FTS    D3067-A1 01072009 AMI. 00000004)
[    0.000000] ACPI: ASF! 00000000be58ab28 0000A0 (v32 INTEL       HCG 00000001 TFSM 000F4240)
[    0.000000] ACPI: SLIC 00000000be58abc8 000176 (v01 FSC    PC       01072009 AMI  00010013)
[    0.000000] ACPI: DMAR 00000000be58ad40 0000B0 (v01 ALASKA    A M I 00000001 INTL 00000001)
[    0.000000] ACPI: Local APIC address 0xfee00000
[    0.000000] Setting APIC routing to cluster x2apic.
[    0.000000] No NUMA configuration found
[    0.000000] Faking a node at [mem 0x0000000000000000-0x000000023dffffff]
[    0.000000] Initmem setup node 0 [mem 0x00000000-0x23dffffff]
[    0.000000]   NODE_DATA [mem 0x23dff4000-0x23dff8fff]
[    0.000000]  [ffffea0000000000-ffffea0008ffffff] PMD -> [ffff880235600000-ffff88023d5fffff] on node 0
[    0.000000] Zone ranges:
[    0.000000]   DMA      [mem 0x00001000-0x00ffffff]
[    0.000000]   DMA32    [mem 0x01000000-0xffffffff]
[    0.000000]   Normal   [mem 0x100000000-0x23dffffff]
[    0.000000] Movable zone start for each node
[    0.000000] Early memory node ranges
[    0.000000]   node   0: [mem 0x00001000-0x0009cfff]
[    0.000000]   node   0: [mem 0x00100000-0xbe41afff]
[    0.000000]   node   0: [mem 0xbf5d7000-0xbf5d7fff]
[    0.000000]   node   0: [mem 0xbf66f000-0xbf7fffff]
[    0.000000]   node   0: [mem 0x100000000-0x23dffffff]
[    0.000000] On node 0 totalpages: 2082121
[    0.000000]   DMA zone: 64 pages used for memmap
[    0.000000]   DMA zone: 21 pages reserved
[    0.000000]   DMA zone: 3996 pages, LIFO batch:0
[    0.000000]   DMA32 zone: 12119 pages used for memmap
[    0.000000]   DMA32 zone: 775597 pages, LIFO batch:31
[    0.000000]   Normal zone: 20352 pages used for memmap
[    0.000000]   Normal zone: 1302528 pages, LIFO batch:31
[    0.000000] ACPI: PM-Timer IO Port: 0x408
[    0.000000] ACPI: Local APIC address 0xfee00000
[    0.000000] ACPI: X2APIC (apic_id[0x00] uid[0x01] enabled)
[    0.000000] ACPI: X2APIC (apic_id[0x02] uid[0x02] enabled)
[    0.000000] ACPI: X2APIC (apic_id[0x04] uid[0x03] enabled)
[    0.000000] ACPI: X2APIC (apic_id[0x06] uid[0x04] enabled)
[    0.000000] ACPI: X2APIC (apic_id[0x01] uid[0x05] enabled)
[    0.000000] ACPI: X2APIC (apic_id[0x03] uid[0x06] enabled)
[    0.000000] ACPI: X2APIC (apic_id[0x05] uid[0x07] enabled)
[    0.000000] ACPI: X2APIC (apic_id[0x07] uid[0x08] enabled)
[    0.000000] ACPI: X2APIC_NMI (uid[0xffffffff] high edge lint[0x1])
[    0.000000] ACPI: IOAPIC (id[0x00] address[0xfec00000] gsi_base[0])
[    0.000000] IOAPIC[0]: apic_id 0, version 32, address 0xfec00000, GSI 0-23
[    0.000000] ACPI: INT_SRC_OVR (bus 0 bus_irq 0 global_irq 2 dfl dfl)
[    0.000000] ACPI: INT_SRC_OVR (bus 0 bus_irq 9 global_irq 9 high level)
[    0.000000] ACPI: IRQ0 used by override.
[    0.000000] ACPI: IRQ2 used by override.
[    0.000000] ACPI: IRQ9 used by override.
[    0.000000] Using ACPI (MADT) for SMP configuration information
[    0.000000] ACPI: HPET id: 0x8086a701 base: 0xfed00000
[    0.000000] smpboot: Allowing 8 CPUs, 0 hotplug CPUs
[    0.000000] nr_irqs_gsi: 40
[    0.000000] PM: Registered nosave memory: [mem 0x0009d000-0x0009dfff]
[    0.000000] PM: Registered nosave memory: [mem 0x0009e000-0x0009ffff]
[    0.000000] PM: Registered nosave memory: [mem 0x000a0000-0x000dffff]
[    0.000000] PM: Registered nosave memory: [mem 0x000e0000-0x000fffff]
[    0.000000] PM: Registered nosave memory: [mem 0xbe41b000-0xbe41bfff]
[    0.000000] PM: Registered nosave memory: [mem 0xbe41c000-0xbe467fff]
[    0.000000] PM: Registered nosave memory: [mem 0xbe468000-0xbe582fff]
[    0.000000] PM: Registered nosave memory: [mem 0xbe583000-0xbe58afff]
[    0.000000] PM: Registered nosave memory: [mem 0xbe58b000-0xbf5d6fff]
[    0.000000] PM: Registered nosave memory: [mem 0xbf5d8000-0xbf5e8fff]
[    0.000000] PM: Registered nosave memory: [mem 0xbf5e9000-0xbf603fff]
[    0.000000] PM: Registered nosave memory: [mem 0xbf604000-0xbf62bfff]
[    0.000000] PM: Registered nosave memory: [mem 0xbf62c000-0xbf66efff]
[    0.000000] PM: Registered nosave memory: [mem 0xbf800000-0xfed1bfff]
[    0.000000] PM: Registered nosave memory: [mem 0xfed1c000-0xfed3ffff]
[    0.000000] PM: Registered nosave memory: [mem 0xfed40000-0xfeffffff]
[    0.000000] PM: Registered nosave memory: [mem 0xff000000-0xffffffff]
[    0.000000] e820: [mem 0xbf800000-0xfed1bfff] available for PCI devices
[    0.000000] Booting paravirtualized kernel on bare hardware
[    0.000000] setup_percpu: NR_CPUS:256 nr_cpumask_bits:256 nr_cpu_ids:8 nr_node_ids:1
[    0.000000] PERCPU: Embedded 27 pages/cpu @ffff88023dc00000 s81536 r8192 d20864 u262144
[    0.000000] pcpu-alloc: s81536 r8192 d20864 u262144 alloc=1*2097152
[    0.000000] pcpu-alloc: [0] 0 1 2 3 4 5 6 7 
[    0.000000] Built 1 zonelists in Zone order, mobility grouping on.  Total pages: 2049565
[    0.000000] Policy zone: Normal
[    0.000000] Kernel command line: BOOT_IMAGE=/boot/vmlinuz-3.13.0-61-generic root=UUID=dc507854-a040-46d8-8681-7c4c0fb6640f ro quiet splash vt.handoff=7
[    0.000000] PID hash table entries: 4096 (order: 3, 32768 bytes)
[    0.000000] xsave: enabled xstate_bv 0x7, cntxt size 0x340
[    0.000000] Checking aperture...
[    0.000000] No AGP bridge found
[    0.000000] Calgary: detecting Calgary via BIOS EBDA area
[    0.000000] Calgary: Unable to locate Rio Grande table in EBDA - bailing!
[    0.000000] Memory: 8095056K/8328484K available (7394K kernel code, 1146K rwdata, 3416K rodata, 1336K init, 1448K bss, 233428K reserved)
[    0.000000] SLUB: HWalign=64, Order=0-3, MinObjects=0, CPUs=8, Nodes=1
[    0.000000] Hierarchical RCU implementation.
[    0.000000] 	RCU dyntick-idle grace-period acceleration is enabled.
[    0.000000] 	RCU restricting CPUs from NR_CPUS=256 to nr_cpu_ids=8.
[    0.000000] 	Offload RCU callbacks from all CPUs
[    0.000000] 	Offload RCU callbacks from CPUs: 0-7.
[    0.000000] NR_IRQS:16640 nr_irqs:744 16
[    0.000000] spurious 8259A interrupt: IRQ7.
[    0.000000] Console: colour dummy device 80x25
[    0.000000] console [tty0] enabled
[    0.000000] allocated 33554432 bytes of page_cgroup
[    0.000000] please try 'cgroup_disable=memory' option if you don't want memory cgroups
[    0.000000] hpet clockevent registered
[    0.000000] tsc: Fast TSC calibration using PIT
[    0.004000] tsc: Detected 3192.667 MHz processor
[    0.000002] Calibrating delay loop (skipped), value calculated using timer frequency.. 6385.33 BogoMIPS (lpj=12770668)
[    0.000004] pid_max: default: 32768 minimum: 301
[    0.000024] Security Framework initialized
[    0.000039] AppArmor: AppArmor initialized
[    0.000039] Yama: becoming mindful.
[    0.000462] Dentry cache hash table entries: 1048576 (order: 11, 8388608 bytes)
[    0.001708] Inode-cache hash table entries: 524288 (order: 10, 4194304 bytes)
[    0.002226] Mount-cache hash table entries: 16384 (order: 5, 131072 bytes)
[    0.002233] Mountpoint-cache hash table entries: 16384 (order: 5, 131072 bytes)
[    0.002388] Initializing cgroup subsys memory
[    0.002393] Initializing cgroup subsys devices
[    0.002394] Initializing cgroup subsys freezer
[    0.002395] Initializing cgroup subsys blkio
[    0.002396] Initializing cgroup subsys perf_event
[    0.002398] Initializing cgroup subsys hugetlb
[    0.002413] CPU: Physical Processor ID: 0
[    0.002414] CPU: Processor Core ID: 0
[    0.002418] ENERGY_PERF_BIAS: Set to 'normal', was 'performance'
[    0.002418] ENERGY_PERF_BIAS: View and update with x86_energy_perf_policy(8)
[    0.002420] mce: CPU supports 9 MCE banks
[    0.002430] CPU0: Thermal monitoring enabled (TM1)
[    0.002436] process: using mwait in idle threads
[    0.002439] Last level iTLB entries: 4KB 512, 2MB 0, 4MB 0
[    0.002439] Last level dTLB entries: 4KB 512, 2MB 32, 4MB 32
[    0.002439] tlb_flushall_shift: 5
[    0.002524] Freeing SMP alternatives memory: 32K (ffffffff81e6e000 - ffffffff81e76000)
[    0.003656] ACPI: Core revision 20131115
[    0.005569] ACPI: All ACPI Tables successfully acquired
[    0.015691] ftrace: allocating 28586 entries in 112 pages
[    0.026501] dmar: Host address width 36
[    0.026503] dmar: DRHD base: 0x000000fed91000 flags: 0x1
[    0.026508] dmar: IOMMU 0: reg_base_addr fed91000 ver 1:0 cap c9008020660262 ecap f0105a
[    0.026509] dmar: RMRR base: 0x000000bf59e000 end: 0x000000bf5acfff
[    0.026579] IOAPIC id 0 under DRHD base  0xfed91000 IOMMU 0
[    0.026580] HPET id 0 under DRHD base 0xfed91000
[    0.026580] HPET id 0 under DRHD base 0xfed91000
[    0.026581] HPET id 0 under DRHD base 0xfed91000
[    0.026582] HPET id 0 under DRHD base 0xfed91000
[    0.026583] HPET id 0 under DRHD base 0xfed91000
[    0.026583] HPET id 0 under DRHD base 0xfed91000
[    0.026584] HPET id 0 under DRHD base 0xfed91000
[    0.026585] HPET id 0 under DRHD base 0xfed91000
[    0.026658] Enabled IRQ remapping in x2apic mode
[    0.027079] ..TIMER: vector=0x30 apic1=0 pin1=2 apic2=-1 pin2=-1
[    0.066795] smpboot: CPU0: Intel(R) Xeon(R) CPU E31230 @ 3.20GHz (fam: 06, model: 2a, stepping: 07)
[    0.066801] TSC deadline timer enabled
[    0.066809] Performance Events: PEBS fmt1+, 16-deep LBR, SandyBridge events, full-width counters, Intel PMU driver.
[    0.066813] perf_event_intel: PEBS disabled due to CPU errata, please upgrade microcode
[    0.066815] ... version:                3
[    0.066816] ... bit width:              48
[    0.066817] ... generic registers:      4
[    0.066817] ... value mask:             0000ffffffffffff
[    0.066818] ... max period:             0000ffffffffffff
[    0.066819] ... fixed-purpose events:   3
[    0.066819] ... event mask:             000000070000000f
[    0.068016] x86: Booting SMP configuration:
[    0.081129] NMI watchdog: enabled on all CPUs, permanently consumes one hw-PMU counter.
[    0.068018] .... node  #0, CPUs:      #1 #2 #3 #4 #5 #6 #7
[    0.159902] x86: Booted up 1 node, 8 CPUs
[    0.159905] smpboot: Total of 8 processors activated (51082.67 BogoMIPS)
[    0.166563] devtmpfs: initialized
[    0.168496] EVM: security.selinux
[    0.168497] EVM: security.SMACK64
[    0.168498] EVM: security.ima
[    0.168498] EVM: security.capability
[    0.168530] PM: Registering ACPI NVS region [mem 0xbe41c000-0xbe467fff] (311296 bytes)
[    0.168534] PM: Registering ACPI NVS region [mem 0xbf5e9000-0xbf603fff] (110592 bytes)
[    0.168537] PM: Registering ACPI NVS region [mem 0xbf62c000-0xbf66efff] (274432 bytes)
[    0.169153] pinctrl core: initialized pinctrl subsystem
[    0.169196] regulator-dummy: no parameters
[    0.169224] RTC time:  6:33:18, date: 08/25/15
[    0.169248] NET: Registered protocol family 16
[    0.169323] cpuidle: using governor ladder
[    0.169324] cpuidle: using governor menu
[    0.169350] ACPI: bus type PCI registered
[    0.169352] acpiphp: ACPI Hot Plug PCI Controller Driver version: 0.5
[    0.169391] PCI: MMCONFIG for domain 0000 [bus 00-ff] at [mem 0xe0000000-0xefffffff] (base 0xe0000000)
[    0.169392] PCI: not using MMCONFIG
[    0.169393] PCI: Using configuration type 1 for base access
[    0.170088] bio: create slab <bio-0> at 0
[    0.170195] ACPI: Added _OSI(Module Device)
[    0.170196] ACPI: Added _OSI(Processor Device)
[    0.170197] ACPI: Added _OSI(3.0 _SCP Extensions)
[    0.170198] ACPI: Added _OSI(Processor Aggregator Device)
[    0.171681] ACPI: Executed 1 blocks of module-level executable AML code
[    0.173342] ACPI: Interpreter enabled
[    0.173345] ACPI Exception: AE_NOT_FOUND, While evaluating Sleep State [\_S1_] (20131115/hwxface-580)
[    0.173348] ACPI Exception: AE_NOT_FOUND, While evaluating Sleep State [\_S2_] (20131115/hwxface-580)
[    0.173356] ACPI: (supports S0 S3 S4 S5)
[    0.173357] ACPI: Using IOAPIC for interrupt routing
[    0.173370] PCI: MMCONFIG for domain 0000 [bus 00-ff] at [mem 0xe0000000-0xefffffff] (base 0xe0000000)
[    0.173411] PCI: MMCONFIG at [mem 0xe0000000-0xefffffff] reserved in ACPI motherboard resources
[    0.190804] PCI: Using host bridge windows from ACPI; if necessary, use "pci=nocrs" and report a bug
[    0.190890] ACPI: No dock devices found.
[    0.190971] [Firmware Bug]: ACPI: BIOS _OSI(Linux) query ignored
[    0.194597] ACPI: PCI Root Bridge [PCI0] (domain 0000 [bus 00-ff])
[    0.194602] acpi PNP0A08:00: _OSC: OS supports [ExtendedConfig ASPM ClockPM Segments MSI]
[    0.194693] acpi PNP0A08:00: _OSC: platform does not support [PCIeHotplug]
[    0.194775] acpi PNP0A08:00: _OSC: OS now controls [PME AER PCIeCapability]
[    0.195028] PCI host bridge to bus 0000:00
[    0.195031] pci_bus 0000:00: root bus resource [bus 00-ff]
[    0.195032] pci_bus 0000:00: root bus resource [io  0x0000-0x03af]
[    0.195034] pci_bus 0000:00: root bus resource [io  0x03e0-0x0cf7]
[    0.195035] pci_bus 0000:00: root bus resource [io  0x03b0-0x03df]
[    0.195036] pci_bus 0000:00: root bus resource [io  0x0d00-0xffff]
[    0.195037] pci_bus 0000:00: root bus resource [mem 0x000a0000-0x000bffff]
[    0.195039] pci_bus 0000:00: root bus resource [mem 0x000c0000-0x000dffff]
[    0.195040] pci_bus 0000:00: root bus resource [mem 0xf0000000-0xffffffff]
[    0.195046] pci 0000:00:00.0: [8086:0108] type 00 class 0x060000
[    0.195106] pci 0000:00:01.0: [8086:0101] type 01 class 0x060400
[    0.195129] pci 0000:00:01.0: PME# supported from D0 D3hot D3cold
[    0.195157] pci 0000:00:01.0: System wakeup disabled by ACPI
[    0.195205] pci 0000:00:16.0: [8086:1c3a] type 00 class 0x078000
[    0.195227] pci 0000:00:16.0: reg 0x10: [mem 0xfb229000-0xfb22900f 64bit]
[    0.195298] pci 0000:00:16.0: PME# supported from D0 D3hot D3cold
[    0.195358] pci 0000:00:19.0: [8086:1502] type 00 class 0x020000
[    0.195375] pci 0000:00:19.0: reg 0x10: [mem 0xfb200000-0xfb21ffff]
[    0.195383] pci 0000:00:19.0: reg 0x14: [mem 0xfb228000-0xfb228fff]
[    0.195391] pci 0000:00:19.0: reg 0x18: [io  0xf040-0xf05f]
[    0.195450] pci 0000:00:19.0: PME# supported from D0 D3hot D3cold
[    0.195483] pci 0000:00:19.0: System wakeup disabled by ACPI
[    0.195510] pci 0000:00:1a.0: [8086:1c2d] type 00 class 0x0c0320
[    0.195529] pci 0000:00:1a.0: reg 0x10: [mem 0xfb227000-0xfb2273ff]
[    0.195614] pci 0000:00:1a.0: PME# supported from D0 D3hot D3cold
[    0.195647] pci 0000:00:1a.0: System wakeup disabled by ACPI
[    0.195672] pci 0000:00:1b.0: [8086:1c20] type 00 class 0x040300
[    0.195687] pci 0000:00:1b.0: reg 0x10: [mem 0xfb220000-0xfb223fff 64bit]
[    0.195749] pci 0000:00:1b.0: PME# supported from D0 D3hot D3cold
[    0.195808] pci 0000:00:1c.0: [8086:1c10] type 01 class 0x060400
[    0.195935] pci 0000:00:1c.0: PME# supported from D0 D3hot D3cold
[    0.195980] pci 0000:00:1c.0: System wakeup disabled by ACPI
[    0.196005] pci 0000:00:1c.4: [8086:1c18] type 01 class 0x060400
[    0.196078] pci 0000:00:1c.4: PME# supported from D0 D3hot D3cold
[    0.196113] pci 0000:00:1c.4: System wakeup disabled by ACPI
[    0.196142] pci 0000:00:1d.0: [8086:1c26] type 00 class 0x0c0320
[    0.196162] pci 0000:00:1d.0: reg 0x10: [mem 0xfb226000-0xfb2263ff]
[    0.196246] pci 0000:00:1d.0: PME# supported from D0 D3hot D3cold
[    0.196281] pci 0000:00:1d.0: System wakeup disabled by ACPI
[    0.196302] pci 0000:00:1e.0: [8086:244e] type 01 class 0x060401
[    0.196373] pci 0000:00:1e.0: System wakeup disabled by ACPI
[    0.196397] pci 0000:00:1f.0: [8086:1c56] type 00 class 0x060100
[    0.196545] pci 0000:00:1f.2: [8086:1c02] type 00 class 0x010601
[    0.196562] pci 0000:00:1f.2: reg 0x10: [io  0xf090-0xf097]
[    0.196569] pci 0000:00:1f.2: reg 0x14: [io  0xf080-0xf083]
[    0.196576] pci 0000:00:1f.2: reg 0x18: [io  0xf070-0xf077]
[    0.196584] pci 0000:00:1f.2: reg 0x1c: [io  0xf060-0xf063]
[    0.196591] pci 0000:00:1f.2: reg 0x20: [io  0xf020-0xf03f]
[    0.196598] pci 0000:00:1f.2: reg 0x24: [mem 0xfb225000-0xfb2257ff]
[    0.196639] pci 0000:00:1f.2: PME# supported from D3hot
[    0.196690] pci 0000:00:1f.3: [8086:1c22] type 00 class 0x0c0500
[    0.196704] pci 0000:00:1f.3: reg 0x10: [mem 0xfb224000-0xfb2240ff 64bit]
[    0.196723] pci 0000:00:1f.3: reg 0x20: [io  0xf000-0xf01f]
[    0.196808] pci 0000:01:00.0: [10de:0df8] type 00 class 0x030000
[    0.196816] pci 0000:01:00.0: reg 0x10: [mem 0xfa000000-0xfaffffff]
[    0.196824] pci 0000:01:00.0: reg 0x14: [mem 0xf0000000-0xf7ffffff 64bit pref]
[    0.196832] pci 0000:01:00.0: reg 0x1c: [mem 0xf8000000-0xf9ffffff 64bit pref]
[    0.196838] pci 0000:01:00.0: reg 0x24: [io  0xe000-0xe07f]
[    0.196844] pci 0000:01:00.0: reg 0x30: [mem 0xfb000000-0xfb07ffff pref]
[    0.196900] pci 0000:01:00.1: [10de:0bea] type 00 class 0x040300
[    0.196907] pci 0000:01:00.1: reg 0x10: [mem 0xfb080000-0xfb083fff]
[    0.202428] pci 0000:00:01.0: PCI bridge to [bus 01]
[    0.202432] pci 0000:00:01.0:   bridge window [io  0xe000-0xefff]
[    0.202436] pci 0000:00:01.0:   bridge window [mem 0xfa000000-0xfb0fffff]
[    0.202441] pci 0000:00:01.0:   bridge window [mem 0xf0000000-0xf9ffffff 64bit pref]
[    0.202526] pci 0000:00:1c.0: PCI bridge to [bus 02]
[    0.202608] pci 0000:03:00.0: [1033:0194] type 00 class 0x0c0330
[    0.202634] pci 0000:03:00.0: reg 0x10: [mem 0xfb100000-0xfb101fff 64bit]
[    0.202762] pci 0000:03:00.0: PME# supported from D0 D3hot
[    0.210446] pci 0000:00:1c.4: PCI bridge to [bus 03]
[    0.210455] pci 0000:00:1c.4:   bridge window [mem 0xfb100000-0xfb1fffff]
[    0.210541] pci 0000:00:1e.0: PCI bridge to [bus 04] (subtractive decode)
[    0.210549] pci 0000:00:1e.0:   bridge window [io  0x0000-0x03af] (subtractive decode)
[    0.210551] pci 0000:00:1e.0:   bridge window [io  0x03e0-0x0cf7] (subtractive decode)
[    0.210552] pci 0000:00:1e.0:   bridge window [io  0x03b0-0x03df] (subtractive decode)
[    0.210553] pci 0000:00:1e.0:   bridge window [io  0x0d00-0xffff] (subtractive decode)
[    0.210554] pci 0000:00:1e.0:   bridge window [mem 0x000a0000-0x000bffff] (subtractive decode)
[    0.210556] pci 0000:00:1e.0:   bridge window [mem 0x000c0000-0x000dffff] (subtractive decode)
[    0.210557] pci 0000:00:1e.0:   bridge window [mem 0xf0000000-0xffffffff] (subtractive decode)
[    0.210954] ACPI: PCI Interrupt Link [LNKA] (IRQs 3 4 5 6 7 10 *11 12 14 15)
[    0.210991] ACPI: PCI Interrupt Link [LNKB] (IRQs 3 4 5 6 7 *10 11 12 14 15)
[    0.211026] ACPI: PCI Interrupt Link [LNKC] (IRQs *3 4 5 6 10 11 12 14 15)
[    0.211061] ACPI: PCI Interrupt Link [LNKD] (IRQs 3 4 5 6 *10 11 12 14 15)
[    0.211096] ACPI: PCI Interrupt Link [LNKE] (IRQs *3 4 5 6 7 10 11 12 14 15)
[    0.211130] ACPI: PCI Interrupt Link [LNKF] (IRQs 3 4 5 6 7 10 11 12 14 15) *0
[    0.211166] ACPI: PCI Interrupt Link [LNKG] (IRQs 3 4 5 6 *7 10 11 12 14 15)
[    0.211200] ACPI: PCI Interrupt Link [LNKH] (IRQs 3 4 5 6 7 10 *11 12 14 15)
[    0.211311] ACPI: Enabled 3 GPEs in block 00 to 3F
[    0.211315] ACPI: \_SB_.PCI0: notify handler is installed
[    0.211344] Found 1 acpi root devices
[    0.211402] vgaarb: setting as boot device: PCI:0000:01:00.0
[    0.211404] vgaarb: device added: PCI:0000:01:00.0,decodes=io+mem,owns=io+mem,locks=none
[    0.211405] vgaarb: loaded
[    0.211406] vgaarb: bridge control possible 0000:01:00.0
[    0.211505] SCSI subsystem initialized
[    0.211531] libata version 3.00 loaded.
[    0.211545] ACPI: bus type USB registered
[    0.211555] usbcore: registered new interface driver usbfs
[    0.211562] usbcore: registered new interface driver hub
[    0.211574] usbcore: registered new device driver usb
[    0.211640] PCI: Using ACPI for IRQ routing
[    0.217621] PCI: pci_cache_line_size set to 64 bytes
[    0.217658] e820: reserve RAM buffer [mem 0x0009d800-0x0009ffff]
[    0.217660] e820: reserve RAM buffer [mem 0xbe41b000-0xbfffffff]
[    0.217661] e820: reserve RAM buffer [mem 0xbf5d8000-0xbfffffff]
[    0.217662] e820: reserve RAM buffer [mem 0xbf800000-0xbfffffff]
[    0.217663] e820: reserve RAM buffer [mem 0x23e000000-0x23fffffff]
[    0.217717] NetLabel: Initializing
[    0.217718] NetLabel:  domain hash size = 128
[    0.217718] NetLabel:  protocols = UNLABELED CIPSOv4
[    0.217727] NetLabel:  unlabeled traffic allowed by default
[    0.217767] hpet0: at MMIO 0xfed00000, IRQs 2, 8, 0, 0, 0, 0, 0, 0
[    0.217771] hpet0: 8 comparators, 64-bit 14.318180 MHz counter
[    0.220803] Switched to clocksource hpet
[    0.223866] AppArmor: AppArmor Filesystem Enabled
[    0.223881] pnp: PnP ACPI init
[    0.223891] ACPI: bus type PNP registered
[    0.223962] system 00:00: [mem 0xfed10000-0xfed19fff] has been reserved
[    0.223964] system 00:00: [mem 0xe0000000-0xefffffff] has been reserved
[    0.223966] system 00:00: [mem 0xfed90000-0xfed93fff] could not be reserved
[    0.223967] system 00:00: [mem 0xfed20000-0xfed3ffff] has been reserved
[    0.223969] system 00:00: [mem 0xfee00000-0xfee0ffff] has been reserved
[    0.223971] system 00:00: Plug and Play ACPI device, IDs PNP0c01 (active)
[    0.224111] system 00:01: [io  0x0600-0x063f] has been reserved
[    0.224113] system 00:01: [io  0x0640-0x064f] has been reserved
[    0.224114] system 00:01: [io  0x0778-0x077f] has been reserved
[    0.224116] system 00:01: Plug and Play ACPI device, IDs PNP0c02 (active)
[    0.224538] pnp 00:02: Plug and Play ACPI device, IDs PNP0501 (active)
[    0.225019] pnp 00:03: Plug and Play ACPI device, IDs PNP0400 (active)
[    0.225026] pnp 00:04: [dma 4]
[    0.225035] pnp 00:04: Plug and Play ACPI device, IDs PNP0200 (active)
[    0.225053] pnp 00:05: Plug and Play ACPI device, IDs PNP0b00 (active)
[    0.225066] pnp 00:06: Plug and Play ACPI device, IDs PNP0800 (active)
[    0.225097] system 00:07: [io  0x04d0-0x04d1] has been reserved
[    0.225099] system 00:07: Plug and Play ACPI device, IDs PNP0c02 (active)
[    0.225115] pnp 00:08: Plug and Play ACPI device, IDs PNP0c04 (active)
[    0.225142] pnp 00:09: Plug and Play ACPI device, IDs IFX0102 PNP0c31 (active)
[    0.225253] system 00:0a: [io  0x0400-0x0453] could not be reserved
[    0.225255] system 00:0a: [io  0x0458-0x047f] has been reserved
[    0.225256] system 00:0a: [io  0x1180-0x119f] has been reserved
[    0.225258] system 00:0a: [io  0x0500-0x057f] has been reserved
[    0.225260] system 00:0a: [mem 0xfed1c000-0xfed1ffff] has been reserved
[    0.225262] system 00:0a: [mem 0xfec00000-0xfecfffff] could not be reserved
[    0.225263] system 00:0a: [mem 0xfed08000-0xfed08fff] has been reserved
[    0.225265] system 00:0a: [mem 0xff000000-0xffffffff] has been reserved
[    0.225267] system 00:0a: Plug and Play ACPI device, IDs PNP0c01 (active)
[    0.225300] system 00:0b: [io  0x0454-0x0457] has been reserved
[    0.225302] system 00:0b: Plug and Play ACPI device, IDs INT3f0d PNP0c02 (active)
[    0.225373] pnp 00:0c: Plug and Play ACPI device, IDs PNP0103 (active)
[    0.225475] pnp: PnP ACPI: found 13 devices
[    0.225476] ACPI: bus type PNP unregistered
[    0.231254] pci 0000:00:01.0: PCI bridge to [bus 01]
[    0.231257] pci 0000:00:01.0:   bridge window [io  0xe000-0xefff]
[    0.231259] pci 0000:00:01.0:   bridge window [mem 0xfa000000-0xfb0fffff]
[    0.231261] pci 0000:00:01.0:   bridge window [mem 0xf0000000-0xf9ffffff 64bit pref]
[    0.231264] pci 0000:00:1c.0: PCI bridge to [bus 02]
[    0.231280] pci 0000:00:1c.4: PCI bridge to [bus 03]
[    0.231285] pci 0000:00:1c.4:   bridge window [mem 0xfb100000-0xfb1fffff]
[    0.231292] pci 0000:00:1e.0: PCI bridge to [bus 04]
[    0.231302] pci_bus 0000:00: resource 4 [io  0x0000-0x03af]
[    0.231304] pci_bus 0000:00: resource 5 [io  0x03e0-0x0cf7]
[    0.231305] pci_bus 0000:00: resource 6 [io  0x03b0-0x03df]
[    0.231306] pci_bus 0000:00: resource 7 [io  0x0d00-0xffff]
[    0.231308] pci_bus 0000:00: resource 8 [mem 0x000a0000-0x000bffff]
[    0.231309] pci_bus 0000:00: resource 9 [mem 0x000c0000-0x000dffff]
[    0.231310] pci_bus 0000:00: resource 10 [mem 0xf0000000-0xffffffff]
[    0.231311] pci_bus 0000:01: resource 0 [io  0xe000-0xefff]
[    0.231313] pci_bus 0000:01: resource 1 [mem 0xfa000000-0xfb0fffff]
[    0.231314] pci_bus 0000:01: resource 2 [mem 0xf0000000-0xf9ffffff 64bit pref]
[    0.231316] pci_bus 0000:03: resource 1 [mem 0xfb100000-0xfb1fffff]
[    0.231317] pci_bus 0000:04: resource 4 [io  0x0000-0x03af]
[    0.231318] pci_bus 0000:04: resource 5 [io  0x03e0-0x0cf7]
[    0.231319] pci_bus 0000:04: resource 6 [io  0x03b0-0x03df]
[    0.231321] pci_bus 0000:04: resource 7 [io  0x0d00-0xffff]
[    0.231322] pci_bus 0000:04: resource 8 [mem 0x000a0000-0x000bffff]
[    0.231323] pci_bus 0000:04: resource 9 [mem 0x000c0000-0x000dffff]
[    0.231324] pci_bus 0000:04: resource 10 [mem 0xf0000000-0xffffffff]
[    0.231344] NET: Registered protocol family 2
[    0.231501] TCP established hash table entries: 65536 (order: 7, 524288 bytes)
[    0.231619] TCP bind hash table entries: 65536 (order: 8, 1048576 bytes)
[    0.231727] TCP: Hash tables configured (established 65536 bind 65536)
[    0.231740] TCP: reno registered
[    0.231749] UDP hash table entries: 4096 (order: 5, 131072 bytes)
[    0.231773] UDP-Lite hash table entries: 4096 (order: 5, 131072 bytes)
[    0.231820] NET: Registered protocol family 1
[    0.485127] pci 0000:01:00.0: Video device with shadowed ROM
[    0.485228] PCI: CLS 64 bytes, default 64
[    0.485264] Trying to unpack rootfs image as initramfs...
[    0.708227] Freeing initrd memory: 18768K (ffff880035b48000 - ffff880036d9c000)
[    0.708235] PCI-DMA: Using software bounce buffering for IO (SWIOTLB)
[    0.708237] software IO TLB [mem 0xba41b000-0xbe41b000] (64MB) mapped at [ffff8800ba41b000-ffff8800be41afff]
[    0.708487] microcode: CPU0 sig=0x206a7, pf=0x2, revision=0x14
[    0.708493] microcode: CPU1 sig=0x206a7, pf=0x2, revision=0x14
[    0.708498] microcode: CPU2 sig=0x206a7, pf=0x2, revision=0x14
[    0.708505] microcode: CPU3 sig=0x206a7, pf=0x2, revision=0x14
[    0.708511] microcode: CPU4 sig=0x206a7, pf=0x2, revision=0x14
[    0.708515] microcode: CPU5 sig=0x206a7, pf=0x2, revision=0x14
[    0.708519] microcode: CPU6 sig=0x206a7, pf=0x2, revision=0x14
[    0.708524] microcode: CPU7 sig=0x206a7, pf=0x2, revision=0x14
[    0.708564] microcode: Microcode Update Driver: v2.00 <tigran@aivazian.fsnet.co.uk>, Peter Oruba
[    0.708565] Scanning for low memory corruption every 60 seconds
[    0.708756] Initialise system trusted keyring
[    0.708788] audit: initializing netlink socket (disabled)
[    0.708796] type=2000 audit(1440484398.692:1): initialized
[    0.728286] HugeTLB registered 2 MB page size, pre-allocated 0 pages
[    0.729032] zbud: loaded
[    0.729141] VFS: Disk quotas dquot_6.5.2
[    0.729170] Dquot-cache hash table entries: 512 (order 0, 4096 bytes)
[    0.729450] fuse init (API version 7.22)
[    0.729498] msgmni has been set to 15847
[    0.729532] Key type big_key registered
[    0.729869] Key type asymmetric registered
[    0.729870] Asymmetric key parser 'x509' registered
[    0.729888] Block layer SCSI generic (bsg) driver version 0.4 loaded (major 252)
[    0.729925] io scheduler noop registered
[    0.729926] io scheduler deadline registered (default)
[    0.729941] io scheduler cfq registered
[    0.730059] pcieport 0000:00:01.0: irq 41 for MSI/MSI-X
[    0.730158] pcieport 0000:00:1c.0: irq 42 for MSI/MSI-X
[    0.730251] pcieport 0000:00:1c.4: irq 43 for MSI/MSI-X
[    0.730318] pcieport 0000:00:01.0: Signaling PME through PCIe PME interrupt
[    0.730320] pci 0000:01:00.0: Signaling PME through PCIe PME interrupt
[    0.730321] pci 0000:01:00.1: Signaling PME through PCIe PME interrupt
[    0.730323] pcie_pme 0000:00:01.0:pcie01: service driver pcie_pme loaded
[    0.730339] pcieport 0000:00:1c.0: Signaling PME through PCIe PME interrupt
[    0.730345] pcie_pme 0000:00:1c.0:pcie01: service driver pcie_pme loaded
[    0.730358] pcieport 0000:00:1c.4: Signaling PME through PCIe PME interrupt
[    0.730360] pci 0000:03:00.0: Signaling PME through PCIe PME interrupt
[    0.730364] pcie_pme 0000:00:1c.4:pcie01: service driver pcie_pme loaded
[    0.730372] pci_hotplug: PCI Hot Plug PCI Core version: 0.5
[    0.730381] pciehp: PCI Express Hot Plug Controller Driver version: 0.4
[    0.730403] vesafb: mode is 1280x1024x32, linelength=5120, pages=0
[    0.730404] vesafb: scrolling: redraw
[    0.730405] vesafb: Truecolor: size=8:8:8:8, shift=24:16:8:0
[    0.735853] vesafb: framebuffer at 0xf9000000, mapped to 0xffffc90010e80000, using 5120k, total 5120k
[    0.738141] Console: switching to colour frame buffer device 160x64
[    0.740343] fb0: VESA VGA frame buffer device
[    0.740359] intel_idle: MWAIT substates: 0x1120
[    0.740360] intel_idle: v0.4 model 0x2A
[    0.740361] intel_idle: lapic_timer_reliable_states 0xffffffff
[    0.740475] ipmi message handler version 39.2
[    0.740521] input: Power Button as /devices/LNXSYSTM:00/device:00/PNP0C0C:00/input/input0
[    0.740524] ACPI: Power Button [PWRB]
[    0.740547] input: Power Button as /devices/LNXSYSTM:00/LNXPWRBN:00/input/input1
[    0.740548] ACPI: Power Button [PWRF]
[    0.740660] GHES: HEST is not enabled!
[    0.740729] Serial: 8250/16550 driver, 32 ports, IRQ sharing enabled
[    0.761372] 00:02: ttyS0 at I/O 0x3f8 (irq = 4, base_baud = 115200) is a 16550A
[    0.762344] Linux agpgart interface v0.103
[    0.762415] tpm_tis 00:09: 1.2 TPM (device-id 0xB, rev-id 16)
[    1.014406] brd: module loaded
[    1.014815] loop: module loaded
[    1.015033] libphy: Fixed MDIO Bus: probed
[    1.015084] tun: Universal TUN/TAP device driver, 1.6
[    1.015085] tun: (C) 1999-2004 Max Krasnyansky <maxk@qualcomm.com>
[    1.015115] PPP generic driver version 2.4.2
[    1.015144] ehci_hcd: USB 2.0 'Enhanced' Host Controller (EHCI) Driver
[    1.015146] ehci-pci: EHCI PCI platform driver
[    1.015224] ehci-pci 0000:00:1a.0: EHCI Host Controller
[    1.015228] ehci-pci 0000:00:1a.0: new USB bus registered, assigned bus number 1
[    1.015240] ehci-pci 0000:00:1a.0: debug port 2
[    1.019159] ehci-pci 0000:00:1a.0: cache line size of 64 is not supported
[    1.019173] ehci-pci 0000:00:1a.0: irq 16, io mem 0xfb227000
[    1.029503] ehci-pci 0000:00:1a.0: USB 2.0 started, EHCI 1.00
[    1.029531] usb usb1: New USB device found, idVendor=1d6b, idProduct=0002
[    1.029532] usb usb1: New USB device strings: Mfr=3, Product=2, SerialNumber=1
[    1.029533] usb usb1: Product: EHCI Host Controller
[    1.029534] usb usb1: Manufacturer: Linux 3.13.0-61-generic ehci_hcd
[    1.029536] usb usb1: SerialNumber: 0000:00:1a.0
[    1.029607] hub 1-0:1.0: USB hub found
[    1.029612] hub 1-0:1.0: 2 ports detected
[    1.029733] ehci-pci 0000:00:1d.0: EHCI Host Controller
[    1.029736] ehci-pci 0000:00:1d.0: new USB bus registered, assigned bus number 2
[    1.029746] ehci-pci 0000:00:1d.0: debug port 2
[    1.033637] ehci-pci 0000:00:1d.0: cache line size of 64 is not supported
[    1.033647] ehci-pci 0000:00:1d.0: irq 23, io mem 0xfb226000
[    1.045517] ehci-pci 0000:00:1d.0: USB 2.0 started, EHCI 1.00
[    1.045542] usb usb2: New USB device found, idVendor=1d6b, idProduct=0002
[    1.045544] usb usb2: New USB device strings: Mfr=3, Product=2, SerialNumber=1
[    1.045545] usb usb2: Product: EHCI Host Controller
[    1.045546] usb usb2: Manufacturer: Linux 3.13.0-61-generic ehci_hcd
[    1.045547] usb usb2: SerialNumber: 0000:00:1d.0
[    1.045610] hub 2-0:1.0: USB hub found
[    1.045614] hub 2-0:1.0: 2 ports detected
[    1.045678] ehci-platform: EHCI generic platform driver
[    1.045682] ohci_hcd: USB 1.1 'Open' Host Controller (OHCI) Driver
[    1.045683] ohci-pci: OHCI PCI platform driver
[    1.045688] ohci-platform: OHCI generic platform driver
[    1.045691] uhci_hcd: USB Universal Host Controller Interface driver
[    1.045739] xhci_hcd 0000:03:00.0: xHCI Host Controller
[    1.045742] xhci_hcd 0000:03:00.0: new USB bus registered, assigned bus number 3
[    1.045918] xhci_hcd 0000:03:00.0: irq 44 for MSI/MSI-X
[    1.045922] xhci_hcd 0000:03:00.0: irq 45 for MSI/MSI-X
[    1.045926] xhci_hcd 0000:03:00.0: irq 46 for MSI/MSI-X
[    1.045930] xhci_hcd 0000:03:00.0: irq 47 for MSI/MSI-X
[    1.045933] xhci_hcd 0000:03:00.0: irq 48 for MSI/MSI-X
[    1.045936] xhci_hcd 0000:03:00.0: irq 49 for MSI/MSI-X
[    1.045940] xhci_hcd 0000:03:00.0: irq 50 for MSI/MSI-X
[    1.045943] xhci_hcd 0000:03:00.0: irq 51 for MSI/MSI-X
[    1.046084] usb usb3: New USB device found, idVendor=1d6b, idProduct=0002
[    1.046085] usb usb3: New USB device strings: Mfr=3, Product=2, SerialNumber=1
[    1.046087] usb usb3: Product: xHCI Host Controller
[    1.046088] usb usb3: Manufacturer: Linux 3.13.0-61-generic xhci_hcd
[    1.046089] usb usb3: SerialNumber: 0000:03:00.0
[    1.046144] hub 3-0:1.0: USB hub found
[    1.046152] hub 3-0:1.0: 2 ports detected
[    1.046201] xhci_hcd 0000:03:00.0: xHCI Host Controller
[    1.046203] xhci_hcd 0000:03:00.0: new USB bus registered, assigned bus number 4
[    1.049252] usb usb4: New USB device found, idVendor=1d6b, idProduct=0003
[    1.049253] usb usb4: New USB device strings: Mfr=3, Product=2, SerialNumber=1
[    1.049255] usb usb4: Product: xHCI Host Controller
[    1.049256] usb usb4: Manufacturer: Linux 3.13.0-61-generic xhci_hcd
[    1.049257] usb usb4: SerialNumber: 0000:03:00.0
[    1.049312] hub 4-0:1.0: USB hub found
[    1.049324] hub 4-0:1.0: 2 ports detected
[    1.053565] i8042: PNP: No PS/2 controller found. Probing ports directly.
[    1.056443] serio: i8042 KBD port at 0x60,0x64 irq 1
[    1.056448] serio: i8042 AUX port at 0x60,0x64 irq 12
[    1.056530] mousedev: PS/2 mouse device common for all mice
[    1.056629] rtc_cmos 00:05: RTC can wake from S4
[    1.056736] rtc_cmos 00:05: rtc core: registered rtc_cmos as rtc0
[    1.056763] rtc_cmos 00:05: alarms up to one month, y3k, 114 bytes nvram, hpet irqs
[    1.056801] device-mapper: uevent: version 1.0.3
[    1.056847] device-mapper: ioctl: 4.27.0-ioctl (2013-10-30) initialised: dm-devel@redhat.com
[    1.056851] ledtrig-cpu: registered to indicate activity on CPUs
[    1.056917] TCP: cubic registered
[    1.056963] NET: Registered protocol family 10
[    1.057059] NET: Registered protocol family 17
[    1.057068] Key type dns_resolver registered
[    1.057250] Loading compiled-in X.509 certificates
[    1.057951] Loaded X.509 cert 'Magrathea: Glacier signing key: b2626663385c770ec7e384a8909ccd47c2d200e1'
[    1.057960] registered taskstats version 1
[    1.059544] Key type trusted registered
[    1.062787] Key type encrypted registered
[    1.062791] AppArmor: AppArmor sha1 policy hashing enabled
[    1.341865] usb 1-1: new high-speed USB device number 2 using ehci-pci
[    1.474274] usb 1-1: New USB device found, idVendor=8087, idProduct=0024
[    1.474279] usb 1-1: New USB device strings: Mfr=0, Product=0, SerialNumber=0
[    1.474559] hub 1-1:1.0: USB hub found
[    1.474639] hub 1-1:1.0: 6 ports detected
[    1.586016] usb 2-1: new high-speed USB device number 2 using ehci-pci
[    1.638340] regulator-dummy: disabling
[    1.638515]   Magic number: 11:554:570
[    1.638626] rtc_cmos 00:05: setting system clock to 2015-08-25 06:33:20 UTC (1440484400)
[    1.638773] BIOS EDD facility v0.16 2004-Jun-25, 0 devices found
[    1.638775] EDD information not available.
[    1.638802] PM: Hibernation image not present or could not be loaded.
[    1.639469] Freeing unused kernel memory: 1336K (ffffffff81d20000 - ffffffff81e6e000)
[    1.639471] Write protecting the kernel read-only data: 12288k
[    1.641047] Freeing unused kernel memory: 788K (ffff88000173b000 - ffff880001800000)
[    1.642300] Freeing unused kernel memory: 680K (ffff880001b56000 - ffff880001c00000)
[    1.650873] systemd-udevd[144]: starting version 204
[    1.659509] pps_core: LinuxPPS API ver. 1 registered
[    1.659512] pps_core: Software ver. 5.3.6 - Copyright 2005-2007 Rodolfo Giometti <giometti@linux.it>
[    1.660657] PTP clock support registered
[    1.664265] e1000e: Intel(R) PRO/1000 Network Driver - 2.3.2-k
[    1.664268] e1000e: Copyright(c) 1999 - 2013 Intel Corporation.
[    1.664404] e1000e 0000:00:19.0: Interrupt Throttling Rate (ints/sec) set to dynamic conservative mode
[    1.664434] e1000e 0000:00:19.0: irq 52 for MSI/MSI-X
[    1.718580] usb 2-1: New USB device found, idVendor=8087, idProduct=0024
[    1.718582] usb 2-1: New USB device strings: Mfr=0, Product=0, SerialNumber=0
[    1.718857] hub 2-1:1.0: USB hub found
[    1.718952] hub 2-1:1.0: 8 ports detected
[    1.790276] usb 1-1.4: new low-speed USB device number 3 using ehci-pci
[    1.861517] e1000e 0000:00:19.0 eth0: registered PHC clock
[    1.861520] e1000e 0000:00:19.0 eth0: (PCI Express:2.5GT/s:Width x1) 00:19:99:a7:84:14
[    1.861521] e1000e 0000:00:19.0 eth0: Intel(R) PRO/1000 Network Connection
[    1.861554] e1000e 0000:00:19.0 eth0: MAC: 10, PHY: 11, PBA No: FFFFFF-0FF
[    1.861596] ahci 0000:00:1f.2: version 3.0
[    1.861706] ahci 0000:00:1f.2: irq 53 for MSI/MSI-X
[    1.874346] ahci 0000:00:1f.2: AHCI 0001.0300 32 slots 6 ports 6 Gbps 0x13 impl SATA mode
[    1.874350] ahci 0000:00:1f.2: flags: 64bit ncq sntf pm led clo pio slum part ems apst 
[    1.890673] scsi0 : ahci
[    1.890811] scsi1 : ahci
[    1.890928] scsi2 : ahci
[    1.891018] scsi3 : ahci
[    1.891106] scsi4 : ahci
[    1.891193] scsi5 : ahci
[    1.891231] ata1: SATA max UDMA/133 abar m2048@0xfb225000 port 0xfb225100 irq 53
[    1.891234] ata2: SATA max UDMA/133 abar m2048@0xfb225000 port 0xfb225180 irq 53
[    1.891235] ata3: DUMMY
[    1.891235] ata4: DUMMY
[    1.891238] ata5: SATA max UDMA/133 abar m2048@0xfb225000 port 0xfb225300 irq 53
[    1.891238] ata6: DUMMY
[    1.892076] usb 1-1.4: New USB device found, idVendor=046a, idProduct=0011
[    1.892078] usb 1-1.4: New USB device strings: Mfr=0, Product=0, SerialNumber=0
[    1.895418] hidraw: raw HID events driver (C) Jiri Kosina
[    1.906302] usbcore: registered new interface driver usbhid
[    1.906304] usbhid: USB HID core driver
[    1.907455] input: HID 046a:0011 as /devices/pci0000:00/0000:00:1a.0/usb1/1-1/1-1.4/1-1.4:1.0/input/input5
[    1.907515] hid-generic 0003:046A:0011.0001: input,hidraw0: USB HID v1.11 Keyboard [HID 046a:0011] on usb-0000:00:1a.0-1.4/input0
[    1.990439] usb 2-1.8: new low-speed USB device number 3 using ehci-pci
[    2.088395] usb 2-1.8: New USB device found, idVendor=046d, idProduct=c065
[    2.088397] usb 2-1.8: New USB device strings: Mfr=1, Product=2, SerialNumber=0
[    2.088399] usb 2-1.8: Product: USB Laser Mouse
[    2.088400] usb 2-1.8: Manufacturer: Logitech
[    2.092906] input: Logitech USB Laser Mouse as /devices/pci0000:00/0000:00:1d.0/usb2/2-1/2-1.8/2-1.8:1.0/input/input6
[    2.092984] hid-generic 0003:046D:C065.0002: input,hidraw1: USB HID v1.10 Mouse [Logitech USB Laser Mouse] on usb-0000:00:1d.0-1.8/input0
[    2.210520] ata2: SATA link up 6.0 Gbps (SStatus 133 SControl 300)
[    2.210538] ata1: SATA link up 3.0 Gbps (SStatus 123 SControl 300)
[    2.210556] ata5: SATA link up 1.5 Gbps (SStatus 113 SControl 300)
[    2.210728] ata1.00: ATA-8: TOSHIBA THNSFC128GBSJ, CJFA0203, max UDMA/100
[    2.210731] ata1.00: 250069680 sectors, multi 16: LBA48 
[    2.210962] ata1.00: configured for UDMA/100
[    2.211083] scsi 0:0:0:0: Direct-Access     ATA      TOSHIBA THNSFC12 CJFA PQ: 0 ANSI: 5
[    2.211088] ata5.00: ATAPI: TSSTcorp CDDVDW TS-H653J, FT01, max UDMA/100
[    2.211196] sd 0:0:0:0: [sda] 250069680 512-byte logical blocks: (128 GB/119 GiB)
[    2.211208] sd 0:0:0:0: Attached scsi generic sg0 type 0
[    2.211239] sd 0:0:0:0: [sda] Write Protect is off
[    2.211242] sd 0:0:0:0: [sda] Mode Sense: 00 3a 00 00
[    2.211258] sd 0:0:0:0: [sda] Write cache: enabled, read cache: enabled, doesn't support DPO or FUA
[    2.211634] ata2.00: ATA-8: ST3500413AS, JC45, max UDMA/133
[    2.211639] ata2.00: 976773168 sectors, multi 16: LBA48 NCQ (depth 31/32)
[    2.211936] ata5.00: configured for UDMA/100
[    2.213015] ata2.00: configured for UDMA/133
[    2.213078]  sda: sda1 sda2 < sda5 >
[    2.213181] scsi 1:0:0:0: Direct-Access     ATA      ST3500413AS      JC45 PQ: 0 ANSI: 5
[    2.213310] sd 1:0:0:0: Attached scsi generic sg1 type 0
[    2.213324] sd 1:0:0:0: [sdb] 976773168 512-byte logical blocks: (500 GB/465 GiB)
[    2.213441] sd 1:0:0:0: [sdb] Write Protect is off
[    2.213443] sd 1:0:0:0: [sdb] Mode Sense: 00 3a 00 00
[    2.213461] sd 0:0:0:0: [sda] Attached SCSI disk
[    2.213479] sd 1:0:0:0: [sdb] Write cache: enabled, read cache: enabled, doesn't support DPO or FUA
[    2.213881] scsi 4:0:0:0: CD-ROM            TSSTcorp CDDVDW TS-H653J  FT01 PQ: 0 ANSI: 5
[    2.215947] sr0: scsi3-mmc drive: 48x/32x writer dvd-ram cd/rw xa/form2 cdda tray
[    2.215949] cdrom: Uniform CD-ROM driver Revision: 3.20
[    2.216032] sr 4:0:0:0: Attached scsi CD-ROM sr0
[    2.216093] sr 4:0:0:0: Attached scsi generic sg2 type 5
[    2.292312]  sdb: sdb1 sdb2 < sdb5 sdb6 sdb7 sdb8 sdb9 sdb10 >
[    2.293269] sd 1:0:0:0: [sdb] Attached SCSI disk
[    2.347971] EXT4-fs (sda1): mounted filesystem with ordered data mode. Opts: (null)
[    2.456080] random: init urandom read with 55 bits of entropy available
[    2.502904] init: plymouth-upstart-bridge main process (224) terminated with status 1
[    2.502916] init: plymouth-upstart-bridge main process ended, respawning
[    2.504665] init: plymouth-upstart-bridge main process (235) terminated with status 1
[    2.504673] init: plymouth-upstart-bridge main process ended, respawning
[    2.506222] init: plymouth-upstart-bridge main process (237) terminated with status 1
[    2.506229] init: plymouth-upstart-bridge main process ended, respawning
[    2.507919] init: plymouth-upstart-bridge main process (238) terminated with status 1
[    2.507927] init: plymouth-upstart-bridge main process ended, respawning
[    2.508959] init: plymouth-upstart-bridge main process (240) terminated with status 1
[    2.508966] init: plymouth-upstart-bridge main process ended, respawning
[    2.510212] init: plymouth-upstart-bridge main process (241) terminated with status 1
[    2.510219] init: plymouth-upstart-bridge main process ended, respawning
[    2.511272] init: plymouth-upstart-bridge main process (243) terminated with status 1
[    2.511281] init: plymouth-upstart-bridge main process ended, respawning
[    2.512475] init: plymouth-upstart-bridge main process (244) terminated with status 1
[    2.512483] init: plymouth-upstart-bridge main process ended, respawning
[    2.513478] init: plymouth-upstart-bridge main process (246) terminated with status 1
[    2.513485] init: plymouth-upstart-bridge main process ended, respawning
[    2.514601] init: plymouth-upstart-bridge main process (248) terminated with status 1
[    2.514608] init: plymouth-upstart-bridge main process ended, respawning
[    2.516083] init: plymouth-upstart-bridge main process (250) terminated with status 1
[    2.516089] init: plymouth-upstart-bridge respawning too fast, stopped
[    2.707042] Switched to clocksource tsc
[    2.720740] Adding 8327164k swap on /dev/sda5.  Priority:-1 extents:1 across:8327164k SSFS
[    2.732733] IPv6: ADDRCONF(NETDEV_UP): eth0: link is not ready
[    2.760246] systemd-udevd[357]: starting version 204
[    2.808940] shpchp: Standard Hot Plug PCI Controller Driver version: 0.4
[    2.809636] lp: driver loaded but no devices found
[    2.813322] parport_pc 00:03: reported by Plug and Play ACPI
[    2.813350] parport0: PC-style at 0x378, irq 5 [PCSPP,TRISTATE,EPP]
[    2.816591] ppdev: user-space parallel port driver
[    2.821065] [drm] Initialized drm 1.1.0 20060810
[    2.835519] wmi: Mapper loaded
[    2.838280] mei_me 0000:00:16.0: irq 54 for MSI/MSI-X
[    2.851181] systemd-udevd[390]: renamed network interface eth0 to eth12
[    2.853697] checking generic (f9000000 500000) vs hw (f0000000 8000000)
[    2.853700] checking generic (f9000000 500000) vs hw (f8000000 2000000)
[    2.853702] fb: conflicting fb hw usage nouveaufb vs VESA VGA - removing generic driver
[    2.853717] Console: switching to colour dummy device 80x25
[    2.855644] nouveau  [  DEVICE][0000:01:00.0] BOOT0  : 0x0c1c00a1
[    2.855647] nouveau  [  DEVICE][0000:01:00.0] Chipset: GF108 (NVC1)
[    2.855649] nouveau  [  DEVICE][0000:01:00.0] Family : NVC0
[    2.857413] nouveau  [   VBIOS][0000:01:00.0] checking PRAMIN for image...
[    2.860097] snd_hda_intel 0000:00:1b.0: irq 55 for MSI/MSI-X
[    2.870308] hda_codec: CX20642: BIOS auto-probing.
[    2.870834] autoconfig: line_outs=1 (0x1c/0x0/0x0/0x0/0x0) type:line
[    2.870836]    speaker_outs=1 (0x1f/0x0/0x0/0x0/0x0)
[    2.870838]    hp_outs=1 (0x19/0x0/0x0/0x0/0x0)
[    2.870839]    mono: mono_out=0x0
[    2.870840]    inputs:
[    2.870842]      Rear Mic=0x1b
[    2.870843]      Front Mic=0x1a
[    2.870845]      Line=0x1d
[    2.872337] hda_codec: Enable sync_write for stable communication
[    2.876881] input: HDA Intel PCH Front Headphone as /devices/pci0000:00/0000:00:1b.0/sound/card0/input11
[    2.881670] input: HDA Intel PCH Line Out as /devices/pci0000:00/0000:00:1b.0/sound/card0/input10
[    2.881720] input: HDA Intel PCH Line as /devices/pci0000:00/0000:00:1b.0/sound/card0/input9
[    2.881767] input: HDA Intel PCH Front Mic as /devices/pci0000:00/0000:00:1b.0/sound/card0/input8
[    2.881848] input: HDA Intel PCH Rear Mic as /devices/pci0000:00/0000:00:1b.0/sound/card0/input7
[    2.884977] type=1400 audit(1440484401.739:2): apparmor="STATUS" operation="profile_load" profile="unconfined" name="/sbin/dhclient" pid=500 comm="apparmor_parser"
[    2.884983] type=1400 audit(1440484401.739:3): apparmor="STATUS" operation="profile_load" profile="unconfined" name="/usr/lib/NetworkManager/nm-dhcp-client.action" pid=500 comm="apparmor_parser"
[    2.884988] type=1400 audit(1440484401.739:4): apparmor="STATUS" operation="profile_load" profile="unconfined" name="/usr/lib/connman/scripts/dhclient-script" pid=500 comm="apparmor_parser"
[    2.885329] type=1400 audit(1440484401.739:5): apparmor="STATUS" operation="profile_replace" profile="unconfined" name="/usr/lib/NetworkManager/nm-dhcp-client.action" pid=500 comm="apparmor_parser"
[    2.885334] type=1400 audit(1440484401.739:6): apparmor="STATUS" operation="profile_replace" profile="unconfined" name="/usr/lib/connman/scripts/dhclient-script" pid=500 comm="apparmor_parser"
[    2.885517] type=1400 audit(1440484401.739:7): apparmor="STATUS" operation="profile_replace" profile="unconfined" name="/usr/lib/connman/scripts/dhclient-script" pid=500 comm="apparmor_parser"
[    2.907183] lp0: using parport0 (interrupt-driven).
[    2.913999] nouveau  [   VBIOS][0000:01:00.0] ... appears to be valid
[    2.914001] nouveau  [   VBIOS][0000:01:00.0] using image from PRAMIN
[    2.914077] nouveau  [   VBIOS][0000:01:00.0] BIT signature found
[    2.914079] nouveau  [   VBIOS][0000:01:00.0] version 70.08.27.00.02
[    2.914948] nouveau 0000:01:00.0: irq 56 for MSI/MSI-X
[    2.914958] nouveau  [     PMC][0000:01:00.0] MSI interrupts enabled
[    2.914989] nouveau W[     PFB][0000:01:00.0][0x00000000][ffff88022ff94000] reclocking of this ram type unsupported
[    2.914991] nouveau  [     PFB][0000:01:00.0] RAM type: DDR3
[    2.914993] nouveau  [     PFB][0000:01:00.0] RAM size: 512 MiB
[    2.914995] nouveau  [     PFB][0000:01:00.0]    ZCOMP: 0 tags
[    2.918897] nouveau  [    VOLT][0000:01:00.0] GPU voltage: 930000uv
[    2.931124] gpio_ich: GPIO from 180 to 255 on gpio_ich
[    2.942393] nouveau  [  PTHERM][0000:01:00.0] FAN control: PWM
[    2.942406] nouveau  [  PTHERM][0000:01:00.0] fan management: automatic
[    2.942410] nouveau  [  PTHERM][0000:01:00.0] internal sensor: yes
[    2.942441] nouveau  [     CLK][0000:01:00.0] 03: core 50 MHz memory 135 MHz 
[    2.942443] nouveau  [     CLK][0000:01:00.0] 07: core 405 MHz memory 324 MHz 
[    2.942445] nouveau  [     CLK][0000:01:00.0] 0f: core 640 MHz memory 800 MHz 
[    2.942586] nouveau  [     CLK][0000:01:00.0] --: core 405 MHz memory 324 MHz 
[    2.945794] [TTM] Zone  kernel: Available graphics memory: 4058330 kiB
[    2.945795] [TTM] Zone   dma32: Available graphics memory: 2097152 kiB
[    2.945796] [TTM] Initializing pool allocator
[    2.945799] [TTM] Initializing DMA pool allocator
[    2.945805] nouveau  [     DRM] VRAM: 512 MiB
[    2.945806] nouveau  [     DRM] GART: 1048576 MiB
[    2.945809] nouveau  [     DRM] TMDS table version 2.0
[    2.945811] nouveau  [     DRM] DCB version 4.0
[    2.945812] nouveau  [     DRM] DCB outp 00: 01000302 00020030
[    2.945814] nouveau  [     DRM] DCB outp 01: 02000300 00000000
[    2.945815] nouveau  [     DRM] DCB outp 02: 028113a6 0f220010
[    2.945816] nouveau  [     DRM] DCB outp 03: 02011362 00020010
[    2.945817] nouveau  [     DRM] DCB conn 00: 00001030
[    2.945819] nouveau  [     DRM] DCB conn 01: 00002146
[    2.946492] [drm] Supports vblank timestamp caching Rev 2 (21.10.2013).
[    2.946493] [drm] No driver support for vblank timestamp query.
[    2.951784] nouveau  [     DRM] MM: using COPY0 for buffer copies
[    3.067184] intel_rapl: domain uncore energy ctr 0:0 not working, skip
[    3.107727] nouveau  [     DRM] allocated 1680x1050 fb: 0x60000, bo ffff8800b9828c00
[    3.107767] fbcon: nouveaufb (fb0) is primary device
[    3.172019] Console: switching to colour frame buffer device 210x65
[    3.173583] nouveau 0000:01:00.0: fb0: nouveaufb frame buffer device
[    3.173585] nouveau 0000:01:00.0: registered panic notifier
[    3.173588] [drm] Initialized nouveau 1.1.2 20120801 for 0000:01:00.0 on minor 0
[    3.173667] hda_intel: Disabling MSI
[    3.173672] hda-intel 0000:01:00.1: Handle VGA-switcheroo audio client
[    3.173711] hda-intel 0000:01:00.1: Disabling 64bit DMA
[    3.176993] hda-intel 0000:01:00.1: Enable delay in RIRB handling
[    3.387847] random: nonblocking pool is initialized
[    3.976063] input: HDA NVidia HDMI/DP,pcm=9 as /devices/pci0000:00/0000:00:01.0/0000:01:00.1/sound/card1/input15
[    3.976173] input: HDA NVidia HDMI/DP,pcm=8 as /devices/pci0000:00/0000:00:01.0/0000:01:00.1/sound/card1/input14
[    3.976261] input: HDA NVidia HDMI/DP,pcm=7 as /devices/pci0000:00/0000:00:01.0/0000:01:00.1/sound/card1/input13
[    3.976344] input: HDA NVidia HDMI/DP,pcm=3 as /devices/pci0000:00/0000:00:01.0/0000:01:00.1/sound/card1/input12
[    3.992560] EXT4-fs (sda1): re-mounted. Opts: errors=remount-ro
[    4.180958] init: failsafe main process (742) killed by TERM signal
[    4.230075] type=1400 audit(1440484403.083:8): apparmor="STATUS" operation="profile_load" profile="unconfined" name="/usr/lib/cups/backend/cups-pdf" pid=811 comm="apparmor_parser"
[    4.230081] type=1400 audit(1440484403.083:9): apparmor="STATUS" operation="profile_load" profile="unconfined" name="/usr/sbin/cupsd" pid=811 comm="apparmor_parser"
[    4.230392] type=1400 audit(1440484403.083:10): apparmor="STATUS" operation="profile_replace" profile="unconfined" name="/usr/sbin/cupsd" pid=811 comm="apparmor_parser"
[    4.233186] Bluetooth: Core ver 2.17
[    4.233202] NET: Registered protocol family 31
[    4.233204] Bluetooth: HCI device and connection manager initialized
[    4.233211] Bluetooth: HCI socket layer initialized
[    4.233213] Bluetooth: L2CAP socket layer initialized
[    4.233217] Bluetooth: SCO socket layer initialized
[    4.235711] Bluetooth: RFCOMM TTY layer initialized
[    4.235716] Bluetooth: RFCOMM socket layer initialized
[    4.235718] Bluetooth: RFCOMM ver 1.11
[    4.240085] Bluetooth: BNEP (Ethernet Emulation) ver 1.3
[    4.240087] Bluetooth: BNEP filters: protocol multicast
[    4.240092] Bluetooth: BNEP socket layer initialized
[    4.280204] init: cups main process (816) killed by HUP signal
[    4.280212] init: cups main process ended, respawning
[    4.601673] e1000e 0000:00:19.0: irq 52 for MSI/MSI-X
[    4.704727] e1000e 0000:00:19.0: irq 52 for MSI/MSI-X
[    4.704953] IPv6: ADDRCONF(NETDEV_UP): eth12: link is not ready
[    4.705146] IPv6: ADDRCONF(NETDEV_UP): eth12: link is not ready
[    4.768518] vboxdrv: module verification failed: signature and/or  required key missing - tainting kernel
[    4.770720] vboxdrv: Found 8 processor cores.
[    4.770995] vboxdrv: fAsync=0 offMin=0x21c offMax=0x3eb8
[    4.771068] vboxdrv: TSC mode is 'synchronous', kernel timer mode is 'normal'.
[    4.771070] vboxdrv: Successfully loaded version 4.3.10_Ubuntu (interface 0x001a0007).
[    4.977321] vboxpci: IOMMU not found (not registered)
[   11.011031] e1000e: eth12 NIC Link is Up 1000 Mbps Full Duplex, Flow Control: None
[   11.011066] IPv6: ADDRCONF(NETDEV_CHANGE): eth12: link becomes ready
[   34.297662] audit_printk_skb: 153 callbacks suppressed
[   34.297664] type=1400 audit(1440484431.665:62): apparmor="STATUS" operation="profile_replace" profile="unconfined" name="/usr/lib/cups/backend/cups-pdf" pid=1766 comm="apparmor_parser"
[   34.297669] type=1400 audit(1440484431.665:63): apparmor="STATUS" operation="profile_replace" profile="unconfined" name="/usr/sbin/cupsd" pid=1766 comm="apparmor_parser"
[   34.297993] type=1400 audit(1440484431.669:64): apparmor="STATUS" operation="profile_replace" profile="unconfined" name="/usr/sbin/cupsd" pid=1766 comm="apparmor_parser"
[  136.877664] systemd-hostnamed[2455]: Warning: nss-myhostname is not installed. Changing the local hostname might make it unresolveable. Please install nss-myhostname!
[  305.199965] type=1400 audit(1440484702.337:65): apparmor="STATUS" operation="profile_replace" profile="unconfined" name="/usr/lib/cups/backend/cups-pdf" pid=5435 comm="apparmor_parser"
[  305.199972] type=1400 audit(1440484702.337:66): apparmor="STATUS" operation="profile_replace" profile="unconfined" name="/usr/sbin/cupsd" pid=5435 comm="apparmor_parser"
[  305.200295] type=1400 audit(1440484702.341:67): apparmor="STATUS" operation="profile_replace" profile="unconfined" name="/usr/sbin/cupsd" pid=5435 comm="apparmor_parser"
[  326.964974] SGI XFS with ACLs, security attributes, realtime, large block/inode numbers, no debug enabled
[  326.971482] JFS: nTxBlock = 8192, nTxLock = 65536
[  326.979517] NTFS driver 2.1.30 [Flags: R/O MODULE].
[  326.990940] QNX4 filesystem 0.2.3 registered.
[  326.996255] xor: automatically using best checksumming function:
[  327.034698]    avx       : 24366.000 MB/sec
[  327.102759] raid6: sse2x1    8611 MB/s
[  327.170815] raid6: sse2x2   10708 MB/s
[  327.238873] raid6: sse2x4   12345 MB/s
[  327.238874] raid6: using algorithm sse2x4 (12345 MB/s)
[  327.238875] raid6: using ssse3x2 recovery algorithm
[  327.254744] bio: create slab <bio-1> at 1
[  327.254900] Btrfs loaded
[  332.202775] type=1400 audit(1440484729.317:68): apparmor="STATUS" operation="profile_replace" profile="unconfined" name="/usr/sbin/cups-browsed" pid=13950 comm="apparmor_parser"
[  332.230097] type=1400 audit(1440484729.345:69): apparmor="STATUS" operation="profile_replace" profile="unconfined" name="/usr/sbin/tcpdump" pid=13953 comm="apparmor_parser"
[  332.288652] type=1400 audit(1440484729.405:70): apparmor="STATUS" operation="profile_replace" profile="unconfined" name="/sbin/dhclient" pid=13946 comm="apparmor_parser"
[  332.288856] type=1400 audit(1440484729.405:71): apparmor="STATUS" operation="profile_replace" profile="unconfined" name="/usr/lib/NetworkManager/nm-dhcp-client.action" pid=13946 comm="apparmor_parser"
[  332.289020] type=1400 audit(1440484729.405:72): apparmor="STATUS" operation="profile_replace" profile="unconfined" name="/usr/lib/connman/scripts/dhclient-script" pid=13946 comm="apparmor_parser"
[  332.381496] type=1400 audit(1440484729.497:73): apparmor="STATUS" operation="profile_replace" profile="unconfined" name="/usr/lib/lightdm/lightdm-guest-session" pid=13945 comm="apparmor_parser"
[  332.395536] type=1400 audit(1440484729.513:74): apparmor="STATUS" operation="profile_replace" profile="unconfined" name="chromium" pid=13945 comm="apparmor_parser"
[  332.443078] type=1400 audit(1440484729.557:75): apparmor="STATUS" operation="profile_replace" profile="unconfined" name="/usr/lib/cups/backend/cups-pdf" pid=13951 comm="apparmor_parser"
[  332.443351] type=1400 audit(1440484729.561:76): apparmor="STATUS" operation="profile_replace" profile="unconfined" name="/usr/sbin/cupsd" pid=13951 comm="apparmor_parser"
[  332.731091] type=1400 audit(1440484729.845:77): apparmor="STATUS" operation="profile_replace" profile="unconfined" name="/usr/lib/telepathy/mission-control-5" pid=13949 comm="apparmor_parser"
[  570.491839] systemd-hostnamed[22369]: Warning: nss-myhostname is not installed. Changing the local hostname might make it unresolveable. Please install nss-myhostname!
[ 2583.738964] show_signal_msg: 90 callbacks suppressed
[ 2583.738967] plugin-containe[22284]: segfault at b ip 00007fad8c0e8075 sp 00007ffcd47f1fa0 error 4 in libflashplayer.so[7fad8b8e4000+118d000]
[ 8598.067247] systemd-hostnamed[24971]: Warning: nss-myhostname is not installed. Changing the local hostname might make it unresolveable. Please install nss-myhostname!
[ 8955.782913] systemd-hostnamed[26041]: Warning: nss-myhostname is not installed. Changing the local hostname might make it unresolveable. Please install nss-myhostname!
